\BOOKMARK [0][-]{chapter*.1}{\376\377\004\020\004\077\004\101\004\102\004\100\004\060\004\072\004\102}{}% 1
\BOOKMARK [0][-]{chapter.1}{\376\377\004\043\004\062\004\076\004\064}{}% 2
\BOOKMARK [1][-]{section.1.1}{\376\377\004\046\004\070\004\131\000\040\004\100\004\060\004\064\004\060}{chapter.1}% 3
\BOOKMARK [1][-]{section.1.2}{\376\377\004\034\004\065\004\102\004\076\004\064\004\076\004\073\004\076\004\063\004\070\004\130\004\060}{chapter.1}% 4
\BOOKMARK [1][-]{section.1.3}{\376\377\004\045\004\070\004\077\004\076\004\102\004\065\004\067\004\065}{chapter.1}% 5
\BOOKMARK [1][-]{section.1.4}{\376\377\004\041\004\102\004\100\004\103\004\072\004\102\004\103\004\100\004\060\000\040\004\100\004\060\004\064\004\060}{chapter.1}% 6
\BOOKMARK [0][-]{chapter.2}{\376\377\004\042\004\065\004\076\004\100\004\070\004\130\004\101\004\072\004\065\000\040\004\076\004\101\004\075\004\076\004\062\004\065}{}% 7
\BOOKMARK [1][-]{section.2.1}{\376\377\004\040\004\065\004\060\004\073\004\070\004\067\004\076\004\062\004\060\004\075\004\060\000\040\004\062\004\076\004\073\004\060\004\102\004\070\004\073\004\075\004\076\004\101\004\102\000\040\004\072\004\060\004\076\000\040\004\070\004\067\004\062\004\065\004\064\004\065\004\075\004\060\000\040\004\062\004\065\004\073\004\070\004\107\004\070\004\075\004\060}{chapter.2}% 8
\BOOKMARK [2][-]{subsection.2.1.1}{\376\377\004\037\004\076\004\073\004\060\004\067\004\075\004\070\000\040\004\074\004\076\004\064\004\065\004\073\000\040\004\106\004\065\004\075\004\065}{section.2.1}% 9
\BOOKMARK [2][-]{subsection.2.1.2}{\376\377\004\040\004\065\004\060\004\073\004\070\004\067\004\076\004\062\004\060\004\075\004\060\000\040\004\062\004\060\004\100\004\070\004\130\004\060\004\075\004\101\004\060}{section.2.1}% 10
\BOOKMARK [2][-]{subsection.2.1.3}{\376\377\004\040\004\065\004\060\004\073\004\070\004\067\004\076\004\062\004\060\004\075\004\060\000\040\004\072\004\062\004\060\004\100\004\102\004\070\004\107\004\075\004\076\004\101\004\102}{section.2.1}% 11
\BOOKMARK [2][-]{subsection.2.1.4}{\376\377\004\041\004\065\004\074\004\070\004\062\004\060\004\100\004\070\004\130\004\060\004\075\004\101\004\065\000\040\004\101\004\060\000\040\004\077\004\100\004\065\004\064\004\067\004\075\004\060\004\072\004\076\004\074}{section.2.1}% 12
\BOOKMARK [1][-]{section.2.2}{\376\377\004\037\004\100\004\062\004\070\000\040\004\065\004\072\004\101\004\077\004\065\004\100\004\070\004\074\004\065\004\075\004\102\004\060\004\073\004\075\004\070\000\040\004\104\004\060\004\072\004\102\004\076\004\100\000:\000\040\004\024\004\070\004\067\004\060\004\130\004\075\000\040\004\074\004\065\004\100\004\065\004\132\004\060}{chapter.2}% 13
\BOOKMARK [2][-]{subsection.2.2.1}{\376\377\004\024\004\070\004\074\004\065\004\075\004\067\004\070\004\130\004\060\000\040\004\020\0001\000\040\040\024\000\040\004\104\004\100\004\065\004\072\004\062\004\065\004\075\004\106\004\070\004\130\004\060\000\040\004\103\004\067\004\076\004\100\004\072\004\076\004\062\004\060\004\132\004\060}{section.2.2}% 14
\BOOKMARK [2][-]{subsection.2.2.2}{\376\377\004\024\004\070\004\074\004\065\004\075\004\067\004\070\004\130\004\060\000\040\004\020\0002\000\040\040\024\000\040\004\065\004\101\004\102\004\070\004\074\004\060\004\102\004\076\004\100\004\070\000\040\004\076\004\102\004\077\004\076\004\100\004\075\004\070\000\040\004\075\004\060\000\040\004\101\004\072\004\076\004\072\004\076\004\062\004\065}{section.2.2}% 15
\BOOKMARK [2][-]{subsection.2.2.3}{\376\377\004\024\004\070\004\074\004\065\004\075\004\067\004\070\004\130\004\060\000\040\004\020\0003\000\040\040\024\000\040\004\102\004\065\004\101\004\102\004\076\004\062\004\070\000\040\004\067\004\060\000\040\004\064\004\065\004\102\004\065\004\072\004\106\004\070\004\130\004\103\000\040\004\101\004\072\004\076\004\072\004\076\004\062\004\060}{section.2.2}% 16
\BOOKMARK [2][-]{subsection.2.2.4}{\376\377\004\043\004\101\004\073\004\076\004\062\004\075\004\060\000\040\004\064\004\065\004\072\004\076\004\074\004\077\004\076\004\067\004\070\004\106\004\070\004\130\004\060\000\040\004\075\004\060\000\040\004\072\004\076\004\075\004\102\004\070\004\075\004\103\004\070\004\100\004\060\004\075\004\103\000\040\004\070\000\040\004\101\004\072\004\076\004\072\004\076\004\062\004\070\004\102\004\103\000\040\004\072\004\076\004\074\004\077\004\076\004\075\004\065\004\075\004\102\004\103}{section.2.2}% 17
\BOOKMARK [2][-]{subsection.2.2.5}{\376\377\004\037\004\100\004\076\004\101\004\102\004\076\004\100\000\040\004\064\004\070\004\067\004\060\004\130\004\075\004\060\000\040\004\074\004\065\004\100\004\065\004\132\004\060}{section.2.2}% 18
\BOOKMARK [1][-]{section.2.3}{\376\377\004\030\004\067\004\062\004\065\004\064\004\065\004\075\004\065\000\040\004\077\004\100\004\076\004\074\004\065\004\075\004\131\004\070\004\062\004\065\000\040\004\072\004\060\004\076\000\040\004\103\004\073\004\060\004\067\000\040\004\074\004\076\004\064\004\065\004\073\004\060}{chapter.2}% 19
\BOOKMARK [2][-]{subsection.2.3.1}{\376\377\000H\000A\000R\000\040\004\060\004\063\004\100\004\065\004\063\004\060\004\102\004\070}{section.2.3}% 20
\BOOKMARK [2][-]{subsection.2.3.2}{\376\377\004\037\004\100\004\065\004\063\004\073\004\065\004\064\000\040\004\101\004\072\004\103\004\077\004\060\000\040\004\070\004\067\004\062\004\065\004\064\004\065\004\075\004\070\004\105\000\040\004\077\004\100\004\076\004\074\004\065\004\075\004\131\004\070\004\062\004\070\004\105}{section.2.3}% 21
\BOOKMARK [1][-]{section.2.4}{\376\377\004\024\004\100\004\103\004\063\004\070\000\040\004\065\004\072\004\101\004\077\004\065\004\100\004\070\004\074\004\065\004\075\004\102\004\060\004\073\004\075\004\070\000\040\004\104\004\060\004\072\004\102\004\076\004\100\000:\000\040\004\020\004\100\004\105\004\070\004\102\004\065\004\072\004\102\004\103\004\100\004\065\000\040\004\077\004\100\004\065\004\064\004\070\004\072\004\102\004\070\004\062\004\075\004\070\004\105\000\040\004\074\004\076\004\064\004\065\004\073\004\060}{chapter.2}% 22
\BOOKMARK [2][-]{subsection.2.4.1}{\376\377\004\032\004\076\004\075\004\101\004\102\004\100\004\103\004\072\004\106\004\070\004\130\004\060\000\040\004\106\004\070\004\131\004\075\004\065\000\040\004\077\004\100\004\076\004\074\004\065\004\075\004\131\004\070\004\062\004\065}{section.2.4}% 23
\BOOKMARK [2][-]{subsection.2.4.2}{\376\377\004\037\004\100\004\076\004\061\004\073\004\065\004\074\000\040\004\077\004\076\004\062\004\100\004\060\004\102\004\075\004\065\000\040\004\102\004\100\004\060\004\075\004\101\004\104\004\076\004\100\004\074\004\060\004\106\004\070\004\130\004\065\000\040\004\070\000\040\004\010\004\065\004\075\004\101\004\065\004\075\004\076\004\062\004\060\000\040\004\075\004\065\004\130\004\065\004\064\004\075\004\060\004\072\004\076\004\101\004\102}{section.2.4}% 24
\BOOKMARK [2][-]{subsection.2.4.3}{\376\377\004\042\004\100\004\070\000\040\004\100\004\060\004\067\004\073\004\070\004\107\004\070\004\102\004\060\000\040\004\074\004\065\004\105\004\060\004\075\004\070\004\067\004\074\004\060\000\040\004\077\004\076\004\067\004\070\004\102\004\070\004\062\004\075\004\076\004\101\004\102\004\070}{section.2.4}% 25
\BOOKMARK [2][-]{subsection.2.4.4}{\376\377\000H\000A\000R\000\040\004\074\004\076\004\064\004\065\004\073\000\040\004\070\000\040\004\132\004\065\004\063\004\076\004\062\004\065\000\040\004\062\004\060\004\100\004\070\004\130\004\060\004\075\004\102\004\065}{section.2.4}% 26
\BOOKMARK [2][-]{subsection.2.4.5}{\376\377\000H\000A\000R\000Q\000\040\040\024\000\040\004\074\004\076\004\064\004\065\004\073\000\040\004\070\004\067\004\063\004\100\004\060\004\122\004\065\004\075\000\040\004\075\004\060\000\040\004\063\004\100\004\065\004\110\004\106\004\070\000\040\004\074\004\065\004\100\004\065\004\132\004\060}{section.2.4}% 27
\BOOKMARK [2][-]{subsection.2.4.6}{\376\377\000A\000R\000F\000I\000M\000A\000\040\040\024\000\040\004\065\004\072\004\101\004\077\004\073\004\070\004\106\004\070\004\102\004\075\004\076\000\040\004\064\004\103\004\063\004\076\004\100\004\076\004\107\004\075\004\076\000\040\004\077\004\060\004\074\004\133\004\065\004\132\004\065}{section.2.4}% 28
\BOOKMARK [2][-]{subsection.2.4.7}{\376\377\000M\000E\000M\000\040\040\024\000\040\004\074\004\103\004\073\004\102\004\070\004\077\004\073\004\070\004\072\004\060\004\102\004\070\004\062\004\075\004\070\000\040\004\074\004\076\004\064\004\065\004\073\000\040\004\063\004\100\004\065\004\110\004\072\004\065}{section.2.4}% 29
\BOOKMARK [2][-]{subsection.2.4.8}{\376\377\004\034\004\076\004\064\004\065\004\073\004\070\000\040\004\067\004\060\004\101\004\075\004\076\004\062\004\060\004\075\004\070\000\040\004\075\004\060\000\040\004\101\004\102\004\060\004\061\004\073\004\070\004\074\004\060}{section.2.4}% 30
\BOOKMARK [2][-]{subsection.2.4.9}{\376\377\000P\000a\000t\000c\000h\000T\000S\000T\000\040\040\024\000\040\004\102\004\100\004\060\004\075\004\101\004\104\004\076\004\100\004\074\004\065\004\100\004\101\004\072\004\060\000\040\004\060\004\100\004\105\004\070\004\102\004\065\004\072\004\102\004\103\004\100\004\060}{section.2.4}% 31
\BOOKMARK [2][-]{subsection.2.4.10}{\376\377\004\042\004\065\004\074\004\065\004\131\004\075\004\070\000\040\004\074\004\076\004\064\004\065\004\073\004\070\000\040\004\062\004\100\004\065\004\074\004\065\004\075\004\101\004\072\004\070\004\105\000\040\004\101\004\065\004\100\004\070\004\130\004\060}{section.2.4}% 32
\BOOKMARK [1][-]{section.2.5}{\376\377\004\022\004\060\004\073\004\070\004\064\004\060\004\106\004\070\004\076\004\075\004\070\000\040\004\077\004\100\004\076\004\102\004\076\004\072\004\076\004\073}{chapter.2}% 33
\BOOKMARK [2][-]{subsection.2.5.1}{\376\377\004\043\004\101\004\070\004\064\004\100\004\065\004\075\004\060\000\040\004\103\004\075\004\060\004\077\004\100\004\065\004\064\004\075\004\060\000\040\004\062\004\060\004\073\004\070\004\064\004\060\004\106\004\070\004\130\004\060}{section.2.5}% 34
\BOOKMARK [2][-]{subsection.2.5.2}{\376\377\004\022\004\060\004\073\004\070\004\064\004\060\004\106\004\070\004\076\004\075\004\070\000\040\004\077\004\100\004\065\004\072\004\073\004\076\004\077}{section.2.5}% 35
\BOOKMARK [2][-]{subsection.2.5.3}{\376\377\004\036\004\061\004\100\004\060\004\064\004\060\000\040\004\101\004\102\004\076\004\105\004\060\004\101\004\102\004\070\004\107\004\072\004\070\004\105\000\040\004\074\004\076\004\064\004\065\004\073\004\060}{section.2.5}% 36
\BOOKMARK [1][-]{section.2.6}{\376\377\004\025\004\062\004\060\004\073\004\103\004\060\004\106\004\070\004\130\004\060}{chapter.2}% 37
\BOOKMARK [2][-]{subsection.2.6.1}{\376\377\004\035\004\070\004\062\004\076\000\040\0001\000\040\040\024\000\040\004\102\004\060\004\107\004\075\004\076\004\101\004\102\000\040\004\077\004\100\004\076\004\063\004\075\004\076\004\067\004\065}{section.2.6}% 38
\BOOKMARK [2][-]{subsection.2.6.2}{\376\377\004\035\004\070\004\062\004\076\000\040\0002\000\040\040\024\000\040\004\101\004\102\004\060\004\102\004\070\004\101\004\102\004\070\004\107\004\072\004\060\000\040\004\067\004\075\004\060\004\107\004\060\004\130\004\075\004\076\004\101\004\102}{section.2.6}% 39
\BOOKMARK [2][-]{subsection.2.6.3}{\376\377\004\035\004\070\004\062\004\076\000\040\0002\000\040\040\024\000\040\004\064\004\065\004\072\004\076\004\074\004\077\004\076\004\067\004\070\004\106\004\070\004\130\004\060\000\040\004\062\004\060\004\100\004\070\004\130\004\060\004\075\004\101\004\065}{section.2.6}% 40
\BOOKMARK [2][-]{subsection.2.6.4}{\376\377\004\034\004\070\004\075\004\106\004\065\004\100\000-\004\027\004\060\004\100\004\075\004\076\004\062\004\070\004\106\000\040\004\100\004\065\004\063\004\100\004\065\004\101\004\070\004\130\004\060}{section.2.6}% 41
\BOOKMARK [2][-]{subsection.2.6.5}{\376\377\004\035\004\070\004\062\004\076\000\040\0003\000\040\040\024\000\040\004\065\004\072\004\076\004\075\004\076\004\074\004\101\004\072\004\060\000\040\004\065\004\062\004\060\004\073\004\103\004\060\004\106\004\070\004\130\004\060}{section.2.6}% 42
\BOOKMARK [2][-]{subsection.2.6.6}{\376\377\004\035\004\070\004\062\004\076\000\040\0004\000\040\040\024\000\040\004\072\004\060\004\100\004\060\004\072\004\102\004\065\004\100\004\070\004\067\004\060\004\106\004\070\004\130\004\060\000\040\004\064\004\065\004\102\004\065\004\072\004\106\004\070\004\130\004\065\000\040\004\101\004\072\004\076\004\072\004\076\004\062\004\060}{section.2.6}% 43
\BOOKMARK [2][-]{subsection.2.6.7}{\376\377\004\041\004\102\004\100\004\060\004\102\004\070\004\104\004\070\004\072\004\060\004\106\004\070\004\130\004\060\000\040\004\100\004\065\004\067\004\103\004\073\004\102\004\060\004\102\004\060}{section.2.6}% 44
\BOOKMARK [1][-]{section.2.7}{\376\377\004\037\004\100\004\060\004\067\004\075\004\070\004\075\004\060\000\040\004\103\000\040\004\077\004\076\004\101\004\102\004\076\004\130\004\065\004\133\004\076\004\130\000\040\004\073\004\070\004\102\004\065\004\100\004\060\004\102\004\103\004\100\004\070}{chapter.2}% 45
\BOOKMARK [1][-]{section.2.8}{\376\377\004\041\004\070\004\075\004\102\004\065\004\067\004\060\000\040\004\102\004\065\004\076\004\100\004\070\004\130\004\101\004\072\004\076\004\063\000\040\004\076\004\072\004\062\004\070\004\100\004\060}{chapter.2}% 46
\BOOKMARK [0][-]{chapter.3}{\376\377\004\034\004\065\004\102\004\076\004\064\004\076\004\073\004\076\004\063\004\070\004\130\004\060}{}% 47
\BOOKMARK [1][-]{section.3.1}{\376\377\004\037\004\100\004\065\004\063\004\073\004\065\004\064\000\040\004\070\004\101\004\102\004\100\004\060\004\066\004\070\004\062\004\060\004\107\004\072\004\076\004\063\000\040\004\077\004\076\004\101\004\102\004\103\004\077\004\072\004\060}{chapter.3}% 48
\BOOKMARK [1][-]{section.3.2}{\376\377\004\037\004\076\004\064\004\060\004\106\004\070}{chapter.3}% 49
\BOOKMARK [2][-]{subsection.3.2.1}{\376\377\004\030\004\067\004\062\004\076\004\100\000\040\004\077\004\076\004\064\004\060\004\102\004\060\004\072\004\060}{section.3.2}% 50
\BOOKMARK [2][-]{subsection.3.2.2}{\376\377\004\043\004\067\004\076\004\100\004\060\004\072}{section.3.2}% 51
\BOOKMARK [2][-]{subsection.3.2.3}{\376\377\004\047\004\070\004\110\004\133\004\065\004\132\004\065\000\040\004\070\000\040\004\072\004\076\004\075\004\102\004\100\004\076\004\073\004\060\000\040\004\072\004\062\004\060\004\073\004\070\004\102\004\065\004\102\004\060}{section.3.2}% 52
\BOOKMARK [2][-]{subsection.3.2.4}{\376\377\004\032\004\076\004\075\004\101\004\102\004\100\004\103\004\072\004\106\004\070\004\130\004\060\000\040\004\077\004\060\004\075\004\065\004\073\004\060}{section.3.2}% 53
\BOOKMARK [1][-]{section.3.3}{\376\377\004\024\004\070\004\067\004\060\004\130\004\075\000\040\004\065\004\072\004\101\004\077\004\065\004\100\004\070\004\074\004\065\004\075\004\102\004\060}{chapter.3}% 54
\BOOKMARK [2][-]{subsection.3.3.1}{\376\377\004\044\004\060\004\072\004\102\004\076\004\100\004\070\000\040\004\070\000\040\004\075\004\070\004\062\004\076\004\070}{section.3.3}% 55
\BOOKMARK [2][-]{subsection.3.3.2}{\376\377\004\041\004\062\004\076\004\122\004\065\004\132\004\065\000\040\004\100\004\060\004\107\004\103\004\075\004\101\004\072\004\076\004\063\000\040\004\076\004\061\004\070\004\074\004\060}{section.3.3}% 56
\BOOKMARK [2][-]{subsection.3.3.3}{\376\377\004\044\004\070\004\072\004\101\004\070\004\100\004\060\004\075\004\070\000\040\004\077\004\060\004\100\004\060\004\074\004\065\004\102\004\100\004\070}{section.3.3}% 57
\BOOKMARK [2][-]{subsection.3.3.4}{\376\377\004\042\004\076\004\072\000\040\004\130\004\065\004\064\004\075\004\076\004\063\000\040\004\062\004\060\004\073\004\070\004\064\004\060\004\106\004\070\004\076\004\075\004\076\004\063\000\040\004\077\004\100\004\076\004\067\004\076\004\100\004\060}{section.3.3}% 58
\BOOKMARK [2][-]{subsection.3.3.5}{\376\377\004\037\004\100\004\076\004\062\004\065\004\100\004\060\000\040\004\072\004\076\004\075\004\102\004\060\004\074\004\070\004\075\004\060\004\106\004\070\004\130\004\065\000\040\004\077\004\100\004\065\004\064\004\102\004\100\004\065\004\075\004\070\004\100\004\060\004\132\004\060}{section.3.3}% 59
\BOOKMARK [1][-]{section.3.4}{\376\377\004\034\004\065\004\100\004\065}{chapter.3}% 60
\BOOKMARK [1][-]{section.3.5}{\376\377\004\037\004\100\004\060\004\062\004\070\004\073\004\060\000\040\004\070\004\101\004\072\004\131\004\103\004\107\004\070\004\062\004\060\004\132\004\060}{chapter.3}% 61
\BOOKMARK [1][-]{section.3.6}{\376\377\004\041\004\102\004\060\004\102\004\070\004\101\004\102\004\070\004\107\004\072\004\060\000\040\004\060\004\075\004\060\004\073\004\070\004\067\004\060}{chapter.3}% 62
\BOOKMARK [2][-]{subsection.3.6.1}{\376\377\004\040\004\076\004\061\004\103\004\101\004\075\004\076\004\101\004\102}{section.3.6}% 63
\BOOKMARK [1][-]{section.3.7}{\376\377\004\040\004\060\004\107\004\103\004\075\004\101\004\072\004\076\000\040\004\076\004\072\004\100\004\103\004\066\004\065\004\132\004\065\000\040\004\070\000\040\004\077\004\076\004\075\004\076\004\062\004\131\004\070\004\062\004\076\004\101\004\102}{chapter.3}% 64
\BOOKMARK [1][-]{section.3.8}{\376\377\004\036\004\063\004\100\004\060\004\075\004\070\004\107\004\065\004\132\004\060\000\040\004\074\004\065\004\102\004\076\004\064\004\076\004\073\004\076\004\063\004\070\004\130\004\065}{chapter.3}% 65
\BOOKMARK [0][-]{chapter*.63}{\376\377\004\033\004\030\004\042\004\025\004\040\004\020\004\042\004\043\004\040\004\020}{}% 66
